#! /c/Source/iverilog-install/bin/vvp
:ivl_version "12.0 (devel)" "(s20150603-1539-g2693dd32b)";
:ivl_delay_selection "TYPICAL";
:vpi_time_precision + 0;
:vpi_module "E:\iverilog\iverilog\lib\ivl\system.vpi";
:vpi_module "E:\iverilog\iverilog\lib\ivl\vhdl_sys.vpi";
:vpi_module "E:\iverilog\iverilog\lib\ivl\vhdl_textio.vpi";
:vpi_module "E:\iverilog\iverilog\lib\ivl\v2005_math.vpi";
:vpi_module "E:\iverilog\iverilog\lib\ivl\va_math.vpi";
S_0000026537ceba30 .scope module, "alu_tb" "alu_tb" 2 1;
 .timescale 0 0;
v0000026537d02d80_0 .var "a", 31 0;
v0000026537d02e20_0 .var "aluctrl", 2 0;
v0000026537d02ec0_0 .var "b", 31 0;
v0000026537d02f60_0 .net "result", 31 0, v0000026537d02ce0_0;  1 drivers
S_0000026537cebbc0 .scope module, "dut" "alu" 2 6, 3 1 0, S_0000026537ceba30;
 .timescale 0 0;
    .port_info 0 /INPUT 32 "a";
    .port_info 1 /INPUT 32 "b";
    .port_info 2 /INPUT 3 "aluctrl";
    .port_info 3 /OUTPUT 32 "result";
v0000026537d034b0_0 .net "a", 31 0, v0000026537d02d80_0;  1 drivers
v0000026537d03840_0 .net "aluctrl", 2 0, v0000026537d02e20_0;  1 drivers
v0000026537cebd50_0 .net "b", 31 0, v0000026537d02ec0_0;  1 drivers
v0000026537d02ce0_0 .var "result", 31 0;
E_0000026537ce7e60 .event anyedge, v0000026537d03840_0, v0000026537d034b0_0, v0000026537cebd50_0;
    .scope S_0000026537cebbc0;
T_0 ;
    %wait E_0000026537ce7e60;
    %load/vec4 v0000026537d03840_0;
    %dup/vec4;
    %pushi/vec4 0, 0, 3;
    %cmp/u;
    %jmp/1 T_0.0, 6;
    %dup/vec4;
    %pushi/vec4 1, 0, 3;
    %cmp/u;
    %jmp/1 T_0.1, 6;
    %dup/vec4;
    %pushi/vec4 2, 0, 3;
    %cmp/u;
    %jmp/1 T_0.2, 6;
    %dup/vec4;
    %pushi/vec4 3, 0, 3;
    %cmp/u;
    %jmp/1 T_0.3, 6;
    %pushi/vec4 0, 0, 32;
    %store/vec4 v0000026537d02ce0_0, 0, 32;
    %jmp T_0.5;
T_0.0 ;
    %load/vec4 v0000026537d034b0_0;
    %load/vec4 v0000026537cebd50_0;
    %add;
    %store/vec4 v0000026537d02ce0_0, 0, 32;
    %jmp T_0.5;
T_0.1 ;
    %load/vec4 v0000026537d034b0_0;
    %load/vec4 v0000026537cebd50_0;
    %sub;
    %store/vec4 v0000026537d02ce0_0, 0, 32;
    %jmp T_0.5;
T_0.2 ;
    %load/vec4 v0000026537d034b0_0;
    %load/vec4 v0000026537cebd50_0;
    %and;
    %store/vec4 v0000026537d02ce0_0, 0, 32;
    %jmp T_0.5;
T_0.3 ;
    %load/vec4 v0000026537d034b0_0;
    %load/vec4 v0000026537cebd50_0;
    %or;
    %store/vec4 v0000026537d02ce0_0, 0, 32;
    %jmp T_0.5;
T_0.5 ;
    %pop/vec4 1;
    %jmp T_0;
    .thread T_0, $push;
    .scope S_0000026537ceba30;
T_1 ;
    %vpi_call 2 13 "$dumpfile", "alu_tb.vcd" {0 0 0};
    %vpi_call 2 14 "$dumpvars", 32'sb00000000000000000000000000000000, S_0000026537ceba30 {0 0 0};
    %end;
    .thread T_1;
    .scope S_0000026537ceba30;
T_2 ;
    %pushi/vec4 1, 0, 32;
    %store/vec4 v0000026537d02d80_0, 0, 32;
    %pushi/vec4 1, 0, 32;
    %store/vec4 v0000026537d02ec0_0, 0, 32;
    %pushi/vec4 0, 0, 3;
    %store/vec4 v0000026537d02e20_0, 0, 3;
    %delay 5, 0;
    %pushi/vec4 1, 0, 3;
    %store/vec4 v0000026537d02e20_0, 0, 3;
    %delay 5, 0;
    %pushi/vec4 2, 0, 3;
    %store/vec4 v0000026537d02e20_0, 0, 3;
    %delay 5, 0;
    %pushi/vec4 3, 0, 3;
    %store/vec4 v0000026537d02e20_0, 0, 3;
    %delay 5, 0;
    %pushi/vec4 4, 0, 3;
    %store/vec4 v0000026537d02e20_0, 0, 3;
    %delay 100, 0;
    %vpi_call 2 24 "$finish" {0 0 0};
    %end;
    .thread T_2;
# The file index is used to find the file name in the following table.
:file_names 4;
    "N/A";
    "<interactive>";
    "alu_tb.v";
    "alu.v";
