#! /c/Source/iverilog-install/bin/vvp
:ivl_version "12.0 (devel)" "(s20150603-1539-g2693dd32b)";
:ivl_delay_selection "TYPICAL";
:vpi_time_precision + 0;
:vpi_module "E:\iverilog\iverilog\lib\ivl\system.vpi";
:vpi_module "E:\iverilog\iverilog\lib\ivl\vhdl_sys.vpi";
:vpi_module "E:\iverilog\iverilog\lib\ivl\vhdl_textio.vpi";
:vpi_module "E:\iverilog\iverilog\lib\ivl\v2005_math.vpi";
:vpi_module "E:\iverilog\iverilog\lib\ivl\va_math.vpi";
S_0000019fd63fc7e0 .scope module, "alu_ctrl_tb" "alu_ctrl_tb" 2 1;
 .timescale 0 0;
v0000019fd63f4ef0_0 .net "aluctrl", 2 0, v0000019fd63c34b0_0;  1 drivers
v0000019fd61bbbc0_0 .net "aluop", 1 0, v0000019fd63f4c70_0;  1 drivers
v0000019fd61bbc60_0 .var "funct3", 2 0;
v0000019fd61bbd00_0 .var "funct7", 6 0;
v0000019fd61bbda0_0 .net "immsrc", 1 0, v0000019fd63f4d10_0;  1 drivers
v0000019fd61bbe40_0 .var "op", 6 0;
v0000019fd6449620_0 .net "regwrite", 0 0, v0000019fd63f4e50_0;  1 drivers
S_0000019fd63fc970 .scope module, "ad" "alu_decoder" 2 17, 3 32 0, S_0000019fd63fc7e0;
 .timescale 0 0;
    .port_info 0 /INPUT 3 "funct3";
    .port_info 1 /INPUT 7 "funct7";
    .port_info 2 /INPUT 7 "op";
    .port_info 3 /INPUT 2 "aluop";
    .port_info 4 /OUTPUT 3 "aluctrl";
v0000019fd63c34b0_0 .var "aluctrl", 2 0;
v0000019fd63c30e0_0 .net "aluop", 1 0, v0000019fd63f4c70_0;  alias, 1 drivers
v0000019fd63c3820_0 .net "funct3", 2 0, v0000019fd61bbc60_0;  1 drivers
v0000019fd63f49a0_0 .net "funct7", 6 0, v0000019fd61bbd00_0;  1 drivers
v0000019fd63f4a40_0 .net "op", 6 0, v0000019fd61bbe40_0;  1 drivers
E_0000019fd61b9b00 .event anyedge, v0000019fd63c30e0_0, v0000019fd63f4a40_0, v0000019fd63c3820_0, v0000019fd63f49a0_0;
S_0000019fd63f4ae0 .scope module, "md" "main_decoder" 2 11, 3 2 0, S_0000019fd63fc7e0;
 .timescale 0 0;
    .port_info 0 /INPUT 7 "op";
    .port_info 1 /OUTPUT 2 "immsrc";
    .port_info 2 /OUTPUT 2 "aluop";
    .port_info 3 /OUTPUT 1 "regwrite";
v0000019fd63f4c70_0 .var "aluop", 1 0;
v0000019fd63f4d10_0 .var "immsrc", 1 0;
v0000019fd63f4db0_0 .net "op", 6 0, v0000019fd61bbe40_0;  alias, 1 drivers
v0000019fd63f4e50_0 .var "regwrite", 0 0;
E_0000019fd61b9f00 .event anyedge, v0000019fd63f4a40_0;
    .scope S_0000019fd63f4ae0;
T_0 ;
    %wait E_0000019fd61b9f00;
    %load/vec4 v0000019fd63f4db0_0;
    %dup/vec4;
    %pushi/vec4 51, 0, 7;
    %cmp/u;
    %jmp/1 T_0.0, 6;
    %dup/vec4;
    %pushi/vec4 19, 0, 7;
    %cmp/u;
    %jmp/1 T_0.1, 6;
    %pushi/vec4 0, 0, 2;
    %store/vec4 v0000019fd63f4c70_0, 0, 2;
    %pushi/vec4 0, 0, 2;
    %store/vec4 v0000019fd63f4d10_0, 0, 2;
    %pushi/vec4 0, 0, 1;
    %store/vec4 v0000019fd63f4e50_0, 0, 1;
    %jmp T_0.3;
T_0.0 ;
    %pushi/vec4 2, 0, 2;
    %store/vec4 v0000019fd63f4c70_0, 0, 2;
    %pushi/vec4 0, 0, 2;
    %store/vec4 v0000019fd63f4d10_0, 0, 2;
    %pushi/vec4 1, 0, 1;
    %store/vec4 v0000019fd63f4e50_0, 0, 1;
    %jmp T_0.3;
T_0.1 ;
    %pushi/vec4 2, 0, 2;
    %store/vec4 v0000019fd63f4c70_0, 0, 2;
    %pushi/vec4 0, 0, 2;
    %store/vec4 v0000019fd63f4d10_0, 0, 2;
    %pushi/vec4 1, 0, 1;
    %store/vec4 v0000019fd63f4e50_0, 0, 1;
    %jmp T_0.3;
T_0.3 ;
    %pop/vec4 1;
    %jmp T_0;
    .thread T_0, $push;
    .scope S_0000019fd63fc970;
T_1 ;
    %wait E_0000019fd61b9b00;
    %load/vec4 v0000019fd63c30e0_0;
    %dup/vec4;
    %pushi/vec4 0, 0, 2;
    %cmp/u;
    %jmp/1 T_1.0, 6;
    %dup/vec4;
    %pushi/vec4 1, 0, 2;
    %cmp/u;
    %jmp/1 T_1.1, 6;
    %dup/vec4;
    %pushi/vec4 2, 0, 2;
    %cmp/u;
    %jmp/1 T_1.2, 6;
    %pushi/vec4 0, 0, 3;
    %store/vec4 v0000019fd63c34b0_0, 0, 3;
    %jmp T_1.4;
T_1.0 ;
    %pushi/vec4 0, 0, 3;
    %store/vec4 v0000019fd63c34b0_0, 0, 3;
    %jmp T_1.4;
T_1.1 ;
    %pushi/vec4 1, 0, 3;
    %store/vec4 v0000019fd63c34b0_0, 0, 3;
    %jmp T_1.4;
T_1.2 ;
    %load/vec4 v0000019fd63f4a40_0;
    %cmpi/e 51, 0, 7;
    %jmp/0xz  T_1.5, 4;
    %load/vec4 v0000019fd63c3820_0;
    %dup/vec4;
    %pushi/vec4 0, 0, 3;
    %cmp/u;
    %jmp/1 T_1.7, 6;
    %dup/vec4;
    %pushi/vec4 7, 0, 3;
    %cmp/u;
    %jmp/1 T_1.8, 6;
    %dup/vec4;
    %pushi/vec4 6, 0, 3;
    %cmp/u;
    %jmp/1 T_1.9, 6;
    %pushi/vec4 0, 0, 3;
    %store/vec4 v0000019fd63c34b0_0, 0, 3;
    %jmp T_1.11;
T_1.7 ;
    %load/vec4 v0000019fd63f49a0_0;
    %cmpi/e 0, 0, 7;
    %flag_mov 8, 4;
    %jmp/0 T_1.12, 8;
    %pushi/vec4 0, 0, 3;
    %jmp/1 T_1.13, 8;
T_1.12 ; End of true expr.
    %pushi/vec4 1, 0, 3;
    %jmp/0 T_1.13, 8;
 ; End of false expr.
    %blend;
T_1.13;
    %store/vec4 v0000019fd63c34b0_0, 0, 3;
    %jmp T_1.11;
T_1.8 ;
    %pushi/vec4 2, 0, 3;
    %store/vec4 v0000019fd63c34b0_0, 0, 3;
    %jmp T_1.11;
T_1.9 ;
    %pushi/vec4 3, 0, 3;
    %store/vec4 v0000019fd63c34b0_0, 0, 3;
    %jmp T_1.11;
T_1.11 ;
    %pop/vec4 1;
    %jmp T_1.6;
T_1.5 ;
    %load/vec4 v0000019fd63f4a40_0;
    %cmpi/e 19, 0, 7;
    %jmp/0xz  T_1.14, 4;
    %load/vec4 v0000019fd63c3820_0;
    %dup/vec4;
    %pushi/vec4 0, 0, 3;
    %cmp/u;
    %jmp/1 T_1.16, 6;
    %dup/vec4;
    %pushi/vec4 7, 0, 3;
    %cmp/u;
    %jmp/1 T_1.17, 6;
    %dup/vec4;
    %pushi/vec4 6, 0, 3;
    %cmp/u;
    %jmp/1 T_1.18, 6;
    %pushi/vec4 0, 0, 3;
    %store/vec4 v0000019fd63c34b0_0, 0, 3;
    %jmp T_1.20;
T_1.16 ;
    %pushi/vec4 0, 0, 3;
    %store/vec4 v0000019fd63c34b0_0, 0, 3;
    %jmp T_1.20;
T_1.17 ;
    %pushi/vec4 2, 0, 3;
    %store/vec4 v0000019fd63c34b0_0, 0, 3;
    %jmp T_1.20;
T_1.18 ;
    %pushi/vec4 3, 0, 3;
    %store/vec4 v0000019fd63c34b0_0, 0, 3;
    %jmp T_1.20;
T_1.20 ;
    %pop/vec4 1;
    %jmp T_1.15;
T_1.14 ;
    %pushi/vec4 0, 0, 3;
    %store/vec4 v0000019fd63c34b0_0, 0, 3;
T_1.15 ;
T_1.6 ;
    %jmp T_1.4;
T_1.4 ;
    %pop/vec4 1;
    %jmp T_1;
    .thread T_1, $push;
    .scope S_0000019fd63fc7e0;
T_2 ;
    %vpi_call 2 25 "$dumpfile", "alu_ctrl.vcd" {0 0 0};
    %vpi_call 2 26 "$dumpvars", 32'sb00000000000000000000000000000000, S_0000019fd63fc7e0 {0 0 0};
    %end;
    .thread T_2;
    .scope S_0000019fd63fc7e0;
T_3 ;
    %vpi_call 2 30 "$monitor", "T=%0t | op=%b | funct3=%b | funct7=%b | aluop=%b | aluctrl=%b", $time, v0000019fd61bbe40_0, v0000019fd61bbc60_0, v0000019fd61bbd00_0, v0000019fd61bbbc0_0, v0000019fd63f4ef0_0 {0 0 0};
    %end;
    .thread T_3;
    .scope S_0000019fd63fc7e0;
T_4 ;
    %pushi/vec4 51, 0, 7;
    %store/vec4 v0000019fd61bbe40_0, 0, 7;
    %pushi/vec4 0, 0, 3;
    %store/vec4 v0000019fd61bbc60_0, 0, 3;
    %pushi/vec4 0, 0, 7;
    %store/vec4 v0000019fd61bbd00_0, 0, 7;
    %delay 10, 0;
    %pushi/vec4 51, 0, 7;
    %store/vec4 v0000019fd61bbe40_0, 0, 7;
    %pushi/vec4 0, 0, 3;
    %store/vec4 v0000019fd61bbc60_0, 0, 3;
    %pushi/vec4 32, 0, 7;
    %store/vec4 v0000019fd61bbd00_0, 0, 7;
    %delay 10, 0;
    %pushi/vec4 51, 0, 7;
    %store/vec4 v0000019fd61bbe40_0, 0, 7;
    %pushi/vec4 7, 0, 3;
    %store/vec4 v0000019fd61bbc60_0, 0, 3;
    %pushi/vec4 0, 0, 7;
    %store/vec4 v0000019fd61bbd00_0, 0, 7;
    %delay 10, 0;
    %pushi/vec4 51, 0, 7;
    %store/vec4 v0000019fd61bbe40_0, 0, 7;
    %pushi/vec4 6, 0, 3;
    %store/vec4 v0000019fd61bbc60_0, 0, 3;
    %pushi/vec4 0, 0, 7;
    %store/vec4 v0000019fd61bbd00_0, 0, 7;
    %delay 10, 0;
    %pushi/vec4 19, 0, 7;
    %store/vec4 v0000019fd61bbe40_0, 0, 7;
    %pushi/vec4 0, 0, 3;
    %store/vec4 v0000019fd61bbc60_0, 0, 3;
    %delay 10, 0;
    %delay 20, 0;
    %vpi_call 2 59 "$finish" {0 0 0};
    %end;
    .thread T_4;
# The file index is used to find the file name in the following table.
:file_names 4;
    "N/A";
    "<interactive>";
    "alu_ctrl_tb.v";
    "main_decoder.v";
