#! /c/Source/iverilog-install/bin/vvp
:ivl_version "12.0 (devel)" "(s20150603-1539-g2693dd32b)";
:ivl_delay_selection "TYPICAL";
:vpi_time_precision + 0;
:vpi_module "E:\iverilog\iverilog\lib\ivl\system.vpi";
:vpi_module "E:\iverilog\iverilog\lib\ivl\vhdl_sys.vpi";
:vpi_module "E:\iverilog\iverilog\lib\ivl\vhdl_textio.vpi";
:vpi_module "E:\iverilog\iverilog\lib\ivl\v2005_math.vpi";
:vpi_module "E:\iverilog\iverilog\lib\ivl\va_math.vpi";
S_00000247fbb52ce0 .scope module, "extender_tb" "extender_tb" 2 1;
 .timescale 0 0;
v00000247fbb53000_0 .var/s "imm", 11 0;
v00000247fbb530a0_0 .net/s "imm_ext", 31 0, v00000247fbb53820_0;  1 drivers
v00000247fbbce850_0 .var "immsrc", 1 0;
S_00000247fbb52e70 .scope module, "uut" "extender" 2 6, 3 1 0, S_00000247fbb52ce0;
 .timescale 0 0;
    .port_info 0 /INPUT 12 "imm";
    .port_info 1 /INPUT 2 "immsrc";
    .port_info 2 /OUTPUT 32 "imm_ext";
v00000247fbb534b0_0 .net/s "imm", 11 0, v00000247fbb53000_0;  1 drivers
v00000247fbb53820_0 .var/s "imm_ext", 31 0;
v00000247fbb3c230_0 .net "immsrc", 1 0, v00000247fbbce850_0;  1 drivers
E_00000247fbb3ace0 .event anyedge, v00000247fbb3c230_0, v00000247fbb534b0_0;
    .scope S_00000247fbb52e70;
T_0 ;
    %wait E_00000247fbb3ace0;
    %load/vec4 v00000247fbb3c230_0;
    %dup/vec4;
    %pushi/vec4 0, 0, 2;
    %cmp/u;
    %jmp/1 T_0.0, 6;
    %dup/vec4;
    %pushi/vec4 1, 0, 2;
    %cmp/u;
    %jmp/1 T_0.1, 6;
    %dup/vec4;
    %pushi/vec4 2, 0, 2;
    %cmp/u;
    %jmp/1 T_0.2, 6;
    %pushi/vec4 0, 0, 32;
    %store/vec4 v00000247fbb53820_0, 0, 32;
    %jmp T_0.4;
T_0.0 ;
    %load/vec4 v00000247fbb534b0_0;
    %parti/s 1, 11, 5;
    %replicate 20;
    %load/vec4 v00000247fbb534b0_0;
    %concat/vec4; draw_concat_vec4
    %store/vec4 v00000247fbb53820_0, 0, 32;
    %jmp T_0.4;
T_0.1 ;
    %load/vec4 v00000247fbb534b0_0;
    %parti/s 1, 11, 5;
    %replicate 20;
    %load/vec4 v00000247fbb534b0_0;
    %concat/vec4; draw_concat_vec4
    %store/vec4 v00000247fbb53820_0, 0, 32;
    %jmp T_0.4;
T_0.2 ;
    %load/vec4 v00000247fbb534b0_0;
    %parti/s 1, 11, 5;
    %replicate 20;
    %load/vec4 v00000247fbb534b0_0;
    %concat/vec4; draw_concat_vec4
    %store/vec4 v00000247fbb53820_0, 0, 32;
    %jmp T_0.4;
T_0.4 ;
    %pop/vec4 1;
    %jmp T_0;
    .thread T_0, $push;
    .scope S_00000247fbb52ce0;
T_1 ;
    %vpi_call 2 12 "$dumpfile", "ext_tb.vcd" {0 0 0};
    %vpi_call 2 13 "$dumpvars", 32'sb00000000000000000000000000000000, S_00000247fbb52ce0 {0 0 0};
    %end;
    .thread T_1;
    .scope S_00000247fbb52ce0;
T_2 ;
    %pushi/vec4 1, 0, 12;
    %store/vec4 v00000247fbb53000_0, 0, 12;
    %pushi/vec4 0, 0, 2;
    %store/vec4 v00000247fbbce850_0, 0, 2;
    %delay 10, 0;
    %pushi/vec4 2, 0, 12;
    %store/vec4 v00000247fbb53000_0, 0, 12;
    %pushi/vec4 0, 0, 2;
    %store/vec4 v00000247fbbce850_0, 0, 2;
    %delay 10, 0;
    %pushi/vec4 4094, 0, 12;
    %store/vec4 v00000247fbb53000_0, 0, 12;
    %pushi/vec4 0, 0, 2;
    %store/vec4 v00000247fbbce850_0, 0, 2;
    %delay 10, 0;
    %delay 10, 0;
    %vpi_call 2 31 "$finish" {0 0 0};
    %end;
    .thread T_2;
# The file index is used to find the file name in the following table.
:file_names 4;
    "N/A";
    "<interactive>";
    "extender_tb.v";
    "extender.v";
