#! /c/Source/iverilog-install/bin/vvp
:ivl_version "12.0 (devel)" "(s20150603-1539-g2693dd32b)";
:ivl_delay_selection "TYPICAL";
:vpi_time_precision + 0;
:vpi_module "E:\iverilog\iverilog\lib\ivl\system.vpi";
:vpi_module "E:\iverilog\iverilog\lib\ivl\vhdl_sys.vpi";
:vpi_module "E:\iverilog\iverilog\lib\ivl\vhdl_textio.vpi";
:vpi_module "E:\iverilog\iverilog\lib\ivl\v2005_math.vpi";
:vpi_module "E:\iverilog\iverilog\lib\ivl\va_math.vpi";
S_0000024fb7b75d90 .scope module, "instr_mem_tb" "instr_mem_tb" 2 1;
 .timescale 0 0;
v0000024fb7b76150_0 .net "instr", 31 0, L_0000024fb7b2b680;  1 drivers
v0000024fb7bbd830_0 .var "pc_addr", 31 0;
S_0000024fb7b75f20 .scope module, "dut" "instr_memory" 2 6, 3 1 0, S_0000024fb7b75d90;
 .timescale 0 0;
    .port_info 0 /INPUT 32 "pc_addr";
    .port_info 1 /OUTPUT 32 "instr";
L_0000024fb7b2b680 .functor BUFZ 32, L_0000024fb7bbd8d0, C4<00000000000000000000000000000000>, C4<00000000000000000000000000000000>, C4<00000000000000000000000000000000>;
v0000024fb7b43840_0 .net *"_ivl_0", 31 0, L_0000024fb7bbd8d0;  1 drivers
v0000024fb7b430e0_0 .net *"_ivl_2", 31 0, L_0000024fb7b73430;  1 drivers
v0000024fb7b434b0_0 .net *"_ivl_4", 29 0, L_0000024fb7bbd970;  1 drivers
L_0000024fb7bbda18 .functor BUFT 1, C4<00>, C4<0>, C4<0>, C4<0>;
v0000024fb7b2b280_0 .net *"_ivl_6", 1 0, L_0000024fb7bbda18;  1 drivers
v0000024fb7b2bd00_0 .net "instr", 31 0, L_0000024fb7b2b680;  alias, 1 drivers
v0000024fb7b2bda0 .array "mem", 31 0, 31 0;
v0000024fb7b760b0_0 .net "pc_addr", 31 0, v0000024fb7bbd830_0;  1 drivers
L_0000024fb7bbd8d0 .array/port v0000024fb7b2bda0, L_0000024fb7b73430;
L_0000024fb7bbd970 .part v0000024fb7bbd830_0, 2, 30;
L_0000024fb7b73430 .concat [ 30 2 0 0], L_0000024fb7bbd970, L_0000024fb7bbda18;
    .scope S_0000024fb7b75f20;
T_0 ;
    %vpi_call 3 14 "$readmemh", "instr.hex", v0000024fb7b2bda0 {0 0 0};
    %end;
    .thread T_0;
    .scope S_0000024fb7b75d90;
T_1 ;
    %vpi_call 2 12 "$dumpfile", "instr_mem_tb.vcd" {0 0 0};
    %vpi_call 2 13 "$dumpvars", 32'sb00000000000000000000000000000000, S_0000024fb7b75d90 {0 0 0};
    %end;
    .thread T_1;
    .scope S_0000024fb7b75d90;
T_2 ;
    %vpi_call 2 18 "$display", "Time\011PC Address\011Instruction" {0 0 0};
    %vpi_call 2 19 "$monitor", "%0t\011%h\011%h", $time, v0000024fb7bbd830_0, v0000024fb7b76150_0 {0 0 0};
    %pushi/vec4 0, 0, 32;
    %store/vec4 v0000024fb7bbd830_0, 0, 32;
    %delay 10, 0;
    %pushi/vec4 4, 0, 32;
    %store/vec4 v0000024fb7bbd830_0, 0, 32;
    %delay 10, 0;
    %pushi/vec4 8, 0, 32;
    %store/vec4 v0000024fb7bbd830_0, 0, 32;
    %delay 10, 0;
    %pushi/vec4 12, 0, 32;
    %store/vec4 v0000024fb7bbd830_0, 0, 32;
    %delay 10, 0;
    %pushi/vec4 16, 0, 32;
    %store/vec4 v0000024fb7bbd830_0, 0, 32;
    %delay 10, 0;
    %pushi/vec4 20, 0, 32;
    %store/vec4 v0000024fb7bbd830_0, 0, 32;
    %delay 10, 0;
    %pushi/vec4 24, 0, 32;
    %store/vec4 v0000024fb7bbd830_0, 0, 32;
    %delay 20, 0;
    %vpi_call 2 29 "$finish" {0 0 0};
    %end;
    .thread T_2;
# The file index is used to find the file name in the following table.
:file_names 4;
    "N/A";
    "<interactive>";
    "instr_mem_tb.v";
    "instr_memory.v";
