#! /c/Source/iverilog-install/bin/vvp
:ivl_version "12.0 (devel)" "(s20150603-1539-g2693dd32b)";
:ivl_delay_selection "TYPICAL";
:vpi_time_precision + 0;
:vpi_module "E:\iverilog\iverilog\lib\ivl\system.vpi";
:vpi_module "E:\iverilog\iverilog\lib\ivl\vhdl_sys.vpi";
:vpi_module "E:\iverilog\iverilog\lib\ivl\vhdl_textio.vpi";
:vpi_module "E:\iverilog\iverilog\lib\ivl\v2005_math.vpi";
:vpi_module "E:\iverilog\iverilog\lib\ivl\va_math.vpi";
S_000001e1a9a3ad80 .scope module, "alu_decoder" "alu_decoder" 2 32;
 .timescale 0 0;
    .port_info 0 /INPUT 3 "funct3";
    .port_info 1 /INPUT 7 "funct7";
    .port_info 2 /INPUT 7 "op";
    .port_info 3 /INPUT 2 "aluop";
    .port_info 4 /OUTPUT 3 "aluctrl";
v000001e1a9a034b0_0 .var "aluctrl", 2 0;
o000001e1a9a45008 .functor BUFZ 2, C4<zz>; HiZ drive
v000001e1a9a030e0_0 .net "aluop", 1 0, o000001e1a9a45008;  0 drivers
o000001e1a9a45038 .functor BUFZ 3, C4<zzz>; HiZ drive
v000001e1a9b3b740_0 .net "funct3", 2 0, o000001e1a9a45038;  0 drivers
o000001e1a9a45068 .functor BUFZ 7, C4<zzzzzzz>; HiZ drive
v000001e1a9a03820_0 .net "funct7", 6 0, o000001e1a9a45068;  0 drivers
o000001e1a9a45098 .functor BUFZ 7, C4<zzzzzzz>; HiZ drive
v000001e1a9b3c150_0 .net "op", 6 0, o000001e1a9a45098;  0 drivers
E_000001e1a9a2ad10 .event anyedge, v000001e1a9a030e0_0, v000001e1a9b3b740_0, v000001e1a9a03820_0, v000001e1a9b3c150_0;
S_000001e1a9a3af10 .scope module, "alu_tb" "alu_tb" 3 1;
 .timescale 0 0;
v000001e1a9a8f910_0 .var "a", 31 0;
v000001e1a9a8f9b0_0 .var "aluctrl", 2 0;
v000001e1a9a8fa50_0 .var "b", 31 0;
v000001e1a9a33680_0 .net "result", 31 0, v000001e1a9a8f870_0;  1 drivers
S_000001e1a9a412d0 .scope module, "dut" "alu" 3 8, 4 1 0, S_000001e1a9a3af10;
 .timescale 0 0;
    .port_info 0 /INPUT 32 "a";
    .port_info 1 /INPUT 32 "b";
    .port_info 2 /INPUT 3 "aluctrl";
    .port_info 3 /OUTPUT 32 "result";
v000001e1a9b3c1f0_0 .net "a", 31 0, v000001e1a9a8f910_0;  1 drivers
v000001e1a9a41460_0 .net "aluctrl", 2 0, v000001e1a9a8f9b0_0;  1 drivers
v000001e1a9a41500_0 .net "b", 31 0, v000001e1a9a8fa50_0;  1 drivers
v000001e1a9a8f870_0 .var "result", 31 0;
E_000001e1a9a2b050 .event anyedge, v000001e1a9a41460_0, v000001e1a9b3c1f0_0, v000001e1a9a41500_0;
S_000001e1a9a41140 .scope module, "main_decoder" "main_decoder" 2 2;
 .timescale 0 0;
    .port_info 0 /INPUT 7 "op";
    .port_info 1 /OUTPUT 2 "immsrc";
    .port_info 2 /OUTPUT 2 "aluop";
    .port_info 3 /OUTPUT 1 "regwrite";
v000001e1a9a33ae0_0 .var "aluop", 1 0;
v000001e1a9a341c0_0 .var "immsrc", 1 0;
o000001e1a9a45398 .functor BUFZ 7, C4<zzzzzzz>; HiZ drive
v000001e1a9a34080_0 .net "op", 6 0, o000001e1a9a45398;  0 drivers
v000001e1a9a33d60_0 .var "regwrite", 0 0;
E_000001e1a9a2a850 .event anyedge, v000001e1a9a34080_0;
    .scope S_000001e1a9a3ad80;
T_0 ;
    %wait E_000001e1a9a2ad10;
    %load/vec4 v000001e1a9a030e0_0;
    %dup/vec4;
    %pushi/vec4 0, 0, 2;
    %cmp/u;
    %jmp/1 T_0.0, 6;
    %dup/vec4;
    %pushi/vec4 1, 0, 2;
    %cmp/u;
    %jmp/1 T_0.1, 6;
    %load/vec4 v000001e1a9b3b740_0;
    %dup/vec4;
    %pushi/vec4 0, 0, 3;
    %cmp/u;
    %jmp/1 T_0.4, 6;
    %dup/vec4;
    %pushi/vec4 1, 0, 3;
    %cmp/u;
    %jmp/1 T_0.5, 6;
    %dup/vec4;
    %pushi/vec4 2, 0, 3;
    %cmp/u;
    %jmp/1 T_0.6, 6;
    %dup/vec4;
    %pushi/vec4 3, 0, 3;
    %cmp/u;
    %jmp/1 T_0.7, 6;
    %dup/vec4;
    %pushi/vec4 4, 0, 3;
    %cmp/u;
    %jmp/1 T_0.8, 6;
    %dup/vec4;
    %pushi/vec4 5, 0, 3;
    %cmp/u;
    %jmp/1 T_0.9, 6;
    %dup/vec4;
    %pushi/vec4 6, 0, 3;
    %cmp/u;
    %jmp/1 T_0.10, 6;
    %dup/vec4;
    %pushi/vec4 7, 0, 3;
    %cmp/u;
    %jmp/1 T_0.11, 6;
    %pushi/vec4 0, 0, 3;
    %store/vec4 v000001e1a9a034b0_0, 0, 3;
    %jmp T_0.13;
T_0.4 ;
    %load/vec4 v000001e1a9a03820_0;
    %load/vec4 v000001e1a9b3c150_0;
    %and;
    %cmpi/ne 0, 0, 7;
    %flag_mov 8, 4;
    %jmp/0 T_0.14, 8;
    %pushi/vec4 1, 0, 3;
    %jmp/1 T_0.15, 8;
T_0.14 ; End of true expr.
    %pushi/vec4 0, 0, 3;
    %jmp/0 T_0.15, 8;
 ; End of false expr.
    %blend;
T_0.15;
    %store/vec4 v000001e1a9a034b0_0, 0, 3;
    %jmp T_0.13;
T_0.5 ;
    %pushi/vec4 4, 0, 3;
    %store/vec4 v000001e1a9a034b0_0, 0, 3;
    %jmp T_0.13;
T_0.6 ;
    %pushi/vec4 1, 0, 3;
    %store/vec4 v000001e1a9a034b0_0, 0, 3;
    %jmp T_0.13;
T_0.7 ;
    %pushi/vec4 2, 0, 3;
    %store/vec4 v000001e1a9a034b0_0, 0, 3;
    %jmp T_0.13;
T_0.8 ;
    %pushi/vec4 7, 0, 3;
    %store/vec4 v000001e1a9a034b0_0, 0, 3;
    %jmp T_0.13;
T_0.9 ;
    %load/vec4 v000001e1a9a03820_0;
    %cmpi/ne 0, 0, 7;
    %flag_mov 8, 4;
    %jmp/0 T_0.16, 8;
    %pushi/vec4 6, 0, 3;
    %jmp/1 T_0.17, 8;
T_0.16 ; End of true expr.
    %pushi/vec4 5, 0, 3;
    %jmp/0 T_0.17, 8;
 ; End of false expr.
    %blend;
T_0.17;
    %store/vec4 v000001e1a9a034b0_0, 0, 3;
    %jmp T_0.13;
T_0.10 ;
    %pushi/vec4 3, 0, 3;
    %store/vec4 v000001e1a9a034b0_0, 0, 3;
    %jmp T_0.13;
T_0.11 ;
    %pushi/vec4 2, 0, 3;
    %store/vec4 v000001e1a9a034b0_0, 0, 3;
    %jmp T_0.13;
T_0.13 ;
    %pop/vec4 1;
    %jmp T_0.3;
T_0.0 ;
    %pushi/vec4 0, 0, 3;
    %store/vec4 v000001e1a9a034b0_0, 0, 3;
    %jmp T_0.3;
T_0.1 ;
    %pushi/vec4 1, 0, 3;
    %store/vec4 v000001e1a9a034b0_0, 0, 3;
    %jmp T_0.3;
T_0.3 ;
    %pop/vec4 1;
    %jmp T_0;
    .thread T_0, $push;
    .scope S_000001e1a9a412d0;
T_1 ;
    %wait E_000001e1a9a2b050;
    %load/vec4 v000001e1a9a41460_0;
    %dup/vec4;
    %pushi/vec4 0, 0, 3;
    %cmp/u;
    %jmp/1 T_1.0, 6;
    %dup/vec4;
    %pushi/vec4 1, 0, 3;
    %cmp/u;
    %jmp/1 T_1.1, 6;
    %dup/vec4;
    %pushi/vec4 2, 0, 3;
    %cmp/u;
    %jmp/1 T_1.2, 6;
    %dup/vec4;
    %pushi/vec4 3, 0, 3;
    %cmp/u;
    %jmp/1 T_1.3, 6;
    %dup/vec4;
    %pushi/vec4 4, 0, 3;
    %cmp/u;
    %jmp/1 T_1.4, 6;
    %dup/vec4;
    %pushi/vec4 5, 0, 3;
    %cmp/u;
    %jmp/1 T_1.5, 6;
    %dup/vec4;
    %pushi/vec4 6, 0, 3;
    %cmp/u;
    %jmp/1 T_1.6, 6;
    %dup/vec4;
    %pushi/vec4 7, 0, 3;
    %cmp/u;
    %jmp/1 T_1.7, 6;
    %pushi/vec4 0, 0, 32;
    %store/vec4 v000001e1a9a8f870_0, 0, 32;
    %jmp T_1.9;
T_1.0 ;
    %load/vec4 v000001e1a9b3c1f0_0;
    %load/vec4 v000001e1a9a41500_0;
    %add;
    %store/vec4 v000001e1a9a8f870_0, 0, 32;
    %jmp T_1.9;
T_1.1 ;
    %load/vec4 v000001e1a9b3c1f0_0;
    %load/vec4 v000001e1a9a41500_0;
    %sub;
    %store/vec4 v000001e1a9a8f870_0, 0, 32;
    %jmp T_1.9;
T_1.2 ;
    %load/vec4 v000001e1a9b3c1f0_0;
    %load/vec4 v000001e1a9a41500_0;
    %and;
    %store/vec4 v000001e1a9a8f870_0, 0, 32;
    %jmp T_1.9;
T_1.3 ;
    %load/vec4 v000001e1a9b3c1f0_0;
    %load/vec4 v000001e1a9a41500_0;
    %or;
    %store/vec4 v000001e1a9a8f870_0, 0, 32;
    %jmp T_1.9;
T_1.4 ;
    %load/vec4 v000001e1a9b3c1f0_0;
    %load/vec4 v000001e1a9a41500_0;
    %parti/s 5, 0, 2;
    %ix/vec4 4;
    %shiftl 4;
    %store/vec4 v000001e1a9a8f870_0, 0, 32;
    %jmp T_1.9;
T_1.5 ;
    %load/vec4 v000001e1a9b3c1f0_0;
    %load/vec4 v000001e1a9a41500_0;
    %parti/s 5, 0, 2;
    %ix/vec4 4;
    %shiftr 4;
    %store/vec4 v000001e1a9a8f870_0, 0, 32;
    %jmp T_1.9;
T_1.6 ;
    %load/vec4 v000001e1a9b3c1f0_0;
    %load/vec4 v000001e1a9a41500_0;
    %parti/s 5, 0, 2;
    %ix/vec4 4;
    %shiftr/s 4;
    %store/vec4 v000001e1a9a8f870_0, 0, 32;
    %jmp T_1.9;
T_1.7 ;
    %load/vec4 v000001e1a9b3c1f0_0;
    %load/vec4 v000001e1a9a41500_0;
    %xor;
    %store/vec4 v000001e1a9a8f870_0, 0, 32;
    %jmp T_1.9;
T_1.9 ;
    %pop/vec4 1;
    %jmp T_1;
    .thread T_1, $push;
    .scope S_000001e1a9a3af10;
T_2 ;
    %vpi_call 3 16 "$dumpfile", "alu_tb.vcd" {0 0 0};
    %vpi_call 3 17 "$dumpvars", 32'sb00000000000000000000000000000000, S_000001e1a9a3af10 {0 0 0};
    %vpi_call 3 19 "$monitor", "T=%0t ALUCTRL=%b A=%h B=%h RESULT=%h", $time, v000001e1a9a8f9b0_0, v000001e1a9a8f910_0, v000001e1a9a8fa50_0, v000001e1a9a33680_0 {0 0 0};
    %pushi/vec4 10, 0, 32;
    %store/vec4 v000001e1a9a8f910_0, 0, 32;
    %pushi/vec4 5, 0, 32;
    %store/vec4 v000001e1a9a8fa50_0, 0, 32;
    %pushi/vec4 0, 0, 3;
    %store/vec4 v000001e1a9a8f9b0_0, 0, 3;
    %delay 10, 0;
    %pushi/vec4 1, 0, 3;
    %store/vec4 v000001e1a9a8f9b0_0, 0, 3;
    %delay 10, 0;
    %pushi/vec4 4042322160, 0, 32;
    %store/vec4 v000001e1a9a8f910_0, 0, 32;
    %pushi/vec4 252645135, 0, 32;
    %store/vec4 v000001e1a9a8fa50_0, 0, 32;
    %pushi/vec4 2, 0, 3;
    %store/vec4 v000001e1a9a8f9b0_0, 0, 3;
    %delay 10, 0;
    %pushi/vec4 3, 0, 3;
    %store/vec4 v000001e1a9a8f9b0_0, 0, 3;
    %delay 10, 0;
    %pushi/vec4 4, 0, 32;
    %store/vec4 v000001e1a9a8f910_0, 0, 32;
    %pushi/vec4 2, 0, 32;
    %store/vec4 v000001e1a9a8fa50_0, 0, 32;
    %pushi/vec4 4, 0, 3;
    %store/vec4 v000001e1a9a8f9b0_0, 0, 3;
    %delay 10, 0;
    %pushi/vec4 16, 0, 32;
    %store/vec4 v000001e1a9a8f910_0, 0, 32;
    %pushi/vec4 2, 0, 32;
    %store/vec4 v000001e1a9a8fa50_0, 0, 32;
    %pushi/vec4 5, 0, 3;
    %store/vec4 v000001e1a9a8f9b0_0, 0, 3;
    %delay 10, 0;
    %pushi/vec4 4294967280, 0, 32;
    %store/vec4 v000001e1a9a8f910_0, 0, 32;
    %pushi/vec4 2, 0, 32;
    %store/vec4 v000001e1a9a8fa50_0, 0, 32;
    %pushi/vec4 6, 0, 3;
    %store/vec4 v000001e1a9a8f9b0_0, 0, 3;
    %delay 10, 0;
    %pushi/vec4 2857740885, 0, 32;
    %store/vec4 v000001e1a9a8f910_0, 0, 32;
    %pushi/vec4 4294901760, 0, 32;
    %store/vec4 v000001e1a9a8fa50_0, 0, 32;
    %pushi/vec4 7, 0, 3;
    %store/vec4 v000001e1a9a8f9b0_0, 0, 3;
    %delay 10, 0;
    %vpi_call 3 66 "$finish" {0 0 0};
    %end;
    .thread T_2;
    .scope S_000001e1a9a41140;
T_3 ;
    %wait E_000001e1a9a2a850;
    %load/vec4 v000001e1a9a34080_0;
    %dup/vec4;
    %pushi/vec4 51, 0, 7;
    %cmp/u;
    %jmp/1 T_3.0, 6;
    %dup/vec4;
    %pushi/vec4 19, 0, 7;
    %cmp/u;
    %jmp/1 T_3.1, 6;
    %pushi/vec4 0, 0, 2;
    %store/vec4 v000001e1a9a33ae0_0, 0, 2;
    %pushi/vec4 0, 0, 2;
    %store/vec4 v000001e1a9a341c0_0, 0, 2;
    %pushi/vec4 0, 0, 1;
    %store/vec4 v000001e1a9a33d60_0, 0, 1;
    %jmp T_3.3;
T_3.0 ;
    %pushi/vec4 2, 0, 2;
    %store/vec4 v000001e1a9a33ae0_0, 0, 2;
    %pushi/vec4 0, 0, 2;
    %store/vec4 v000001e1a9a341c0_0, 0, 2;
    %pushi/vec4 1, 0, 1;
    %store/vec4 v000001e1a9a33d60_0, 0, 1;
    %jmp T_3.3;
T_3.1 ;
    %pushi/vec4 2, 0, 2;
    %store/vec4 v000001e1a9a33ae0_0, 0, 2;
    %pushi/vec4 0, 0, 2;
    %store/vec4 v000001e1a9a341c0_0, 0, 2;
    %pushi/vec4 1, 0, 1;
    %store/vec4 v000001e1a9a33d60_0, 0, 1;
    %jmp T_3.3;
T_3.3 ;
    %pop/vec4 1;
    %jmp T_3;
    .thread T_3, $push;
# The file index is used to find the file name in the following table.
:file_names 5;
    "N/A";
    "<interactive>";
    "main_decoder.v";
    "alu_tb.v";
    "alu.v";
