#! /c/Source/iverilog-install/bin/vvp
:ivl_version "12.0 (devel)" "(s20150603-1539-g2693dd32b)";
:ivl_delay_selection "TYPICAL";
:vpi_time_precision + 0;
:vpi_module "E:\iverilog\iverilog\lib\ivl\system.vpi";
:vpi_module "E:\iverilog\iverilog\lib\ivl\vhdl_sys.vpi";
:vpi_module "E:\iverilog\iverilog\lib\ivl\vhdl_textio.vpi";
:vpi_module "E:\iverilog\iverilog\lib\ivl\v2005_math.vpi";
:vpi_module "E:\iverilog\iverilog\lib\ivl\va_math.vpi";
S_000001c567e45c90 .scope module, "pc_tb" "pc_tb" 2 1;
 .timescale 0 0;
v000001c567e44550_0 .var "clk", 0 0;
v000001c567e445f0_0 .net "pc", 31 0, v000001c567e130e0_0;  1 drivers
v000001c567e44690_0 .var "pc_next", 31 0;
v000001c567e44730_0 .var "reset", 0 0;
S_000001c567e45e20 .scope module, "uut" "pc" 2 7, 3 1 0, S_000001c567e45c90;
 .timescale 0 0;
    .port_info 0 /INPUT 1 "clk";
    .port_info 1 /INPUT 1 "reset";
    .port_info 2 /INPUT 32 "pc_next";
    .port_info 3 /OUTPUT 32 "pc";
v000001c567e45fb0_0 .net "clk", 0 0, v000001c567e44550_0;  1 drivers
v000001c567e130e0_0 .var "pc", 31 0;
v000001c567e46050_0 .net "pc_next", 31 0, v000001c567e44690_0;  1 drivers
v000001c567e444b0_0 .net "reset", 0 0, v000001c567e44730_0;  1 drivers
E_000001c567f4cb80 .event posedge, v000001c567e45fb0_0;
    .scope S_000001c567e45e20;
T_0 ;
    %wait E_000001c567f4cb80;
    %load/vec4 v000001c567e444b0_0;
    %flag_set/vec4 8;
    %jmp/0xz  T_0.0, 8;
    %pushi/vec4 0, 0, 32;
    %assign/vec4 v000001c567e130e0_0, 0;
    %jmp T_0.1;
T_0.0 ;
    %load/vec4 v000001c567e46050_0;
    %assign/vec4 v000001c567e130e0_0, 0;
T_0.1 ;
    %jmp T_0;
    .thread T_0;
    .scope S_000001c567e45c90;
T_1 ;
    %vpi_call 2 14 "$dumpfile", "pc_tb.vcd" {0 0 0};
    %vpi_call 2 15 "$dumpvars", 32'sb00000000000000000000000000000000, S_000001c567e45c90 {0 0 0};
    %end;
    .thread T_1;
    .scope S_000001c567e45c90;
T_2 ;
    %pushi/vec4 0, 0, 1;
    %store/vec4 v000001c567e44550_0, 0, 1;
T_2.0 ;
    %delay 5, 0;
    %load/vec4 v000001c567e44550_0;
    %inv;
    %store/vec4 v000001c567e44550_0, 0, 1;
    %jmp T_2.0;
    %end;
    .thread T_2;
    .scope S_000001c567e45c90;
T_3 ;
    %pushi/vec4 1, 0, 1;
    %store/vec4 v000001c567e44730_0, 0, 1;
    %pushi/vec4 4, 0, 32;
    %store/vec4 v000001c567e44690_0, 0, 32;
    %delay 10, 0;
    %pushi/vec4 0, 0, 1;
    %store/vec4 v000001c567e44730_0, 0, 1;
    %delay 10, 0;
    %pushi/vec4 8, 0, 32;
    %store/vec4 v000001c567e44690_0, 0, 32;
    %delay 10, 0;
    %vpi_call 2 29 "$finish" {0 0 0};
    %end;
    .thread T_3;
# The file index is used to find the file name in the following table.
:file_names 4;
    "N/A";
    "<interactive>";
    "pc_tb.v";
    "pc.v";
