#! /c/Source/iverilog-install/bin/vvp
:ivl_version "12.0 (devel)" "(s20150603-1539-g2693dd32b)";
:ivl_delay_selection "TYPICAL";
:vpi_time_precision + 0;
:vpi_module "E:\iverilog\iverilog\lib\ivl\system.vpi";
:vpi_module "E:\iverilog\iverilog\lib\ivl\vhdl_sys.vpi";
:vpi_module "E:\iverilog\iverilog\lib\ivl\vhdl_textio.vpi";
:vpi_module "E:\iverilog\iverilog\lib\ivl\v2005_math.vpi";
:vpi_module "E:\iverilog\iverilog\lib\ivl\va_math.vpi";
S_000001d43aab2ce0 .scope module, "pc_inc" "pc_inc" 2 1;
 .timescale 0 0;
    .port_info 0 /INPUT 32 "pc";
    .port_info 1 /OUTPUT 32 "pc_plus_4";
L_000001d43ab27c38 .functor BUFT 1, C4<00000000000000000000000000000100>, C4<0>, C4<0>, C4<0>;
v000001d43aab3490_0 .net/2u *"_ivl_0", 31 0, L_000001d43ab27c38;  1 drivers
o000001d43aae7008 .functor BUFZ 32, C4<zzzzzzzzzzzzzzzzzzzzzzzzzzzzzzzz>; HiZ drive
v000001d43aab2e70_0 .net "pc", 31 0, o000001d43aae7008;  0 drivers
v000001d43aab2f10_0 .net "pc_plus_4", 31 0, L_000001d43aab2fb0;  1 drivers
L_000001d43aab2fb0 .arith/sum 32, o000001d43aae7008, L_000001d43ab27c38;
# The file index is used to find the file name in the following table.
:file_names 3;
    "N/A";
    "<interactive>";
    "pc_inc.v";
