#! /c/Source/iverilog-install/bin/vvp
:ivl_version "12.0 (devel)" "(s20150603-1539-g2693dd32b)";
:ivl_delay_selection "TYPICAL";
:vpi_time_precision + 0;
:vpi_module "E:\iverilog\iverilog\lib\ivl\system.vpi";
:vpi_module "E:\iverilog\iverilog\lib\ivl\vhdl_sys.vpi";
:vpi_module "E:\iverilog\iverilog\lib\ivl\vhdl_textio.vpi";
:vpi_module "E:\iverilog\iverilog\lib\ivl\v2005_math.vpi";
:vpi_module "E:\iverilog\iverilog\lib\ivl\va_math.vpi";
S_000001f1830357f0 .scope module, "register_tb" "register_tb" 2 1;
 .timescale 0 0;
v000001f183043640_0 .var "A1", 4 0;
v000001f1830436e0_0 .var "A2", 4 0;
v000001f183043780_0 .var "A3", 4 0;
v000001f183043820_0 .net "RD1", 31 0, v000001f1830136d0_0;  1 drivers
v000001f1830438c0_0 .net "RD2", 31 0, v000001f183037280_0;  1 drivers
v000001f183043960_0 .var "WD3", 31 0;
v000001f183044450_0 .var "WE3", 0 0;
v000001f1830446d0_0 .var "clk", 0 0;
S_000001f18315e510 .scope module, "dut" "register_file" 2 10, 3 1 0, S_000001f1830357f0;
 .timescale 0 0;
    .port_info 0 /INPUT 1 "clk";
    .port_info 1 /INPUT 5 "A1";
    .port_info 2 /INPUT 5 "A2";
    .port_info 3 /INPUT 5 "A3";
    .port_info 4 /INPUT 1 "WE3";
    .port_info 5 /INPUT 32 "WD3";
    .port_info 6 /OUTPUT 32 "RD1";
    .port_info 7 /OUTPUT 32 "RD2";
v000001f18315bdc0_0 .net "A1", 4 0, v000001f183043640_0;  1 drivers
v000001f1830130e0_0 .net "A2", 4 0, v000001f1830436e0_0;  1 drivers
v000001f183013340_0 .net "A3", 4 0, v000001f183043780_0;  1 drivers
v000001f1830136d0_0 .var "RD1", 31 0;
v000001f183037280_0 .var "RD2", 31 0;
v000001f183037320_0 .net "WD3", 31 0, v000001f183043960_0;  1 drivers
v000001f18315e6a0_0 .net "WE3", 0 0, v000001f183044450_0;  1 drivers
v000001f18315e740_0 .net "clk", 0 0, v000001f1830446d0_0;  1 drivers
v000001f18315e7e0 .array "registers", 0 31, 31 0;
v000001f18315e7e0_0 .array/port v000001f18315e7e0, 0;
v000001f18315e7e0_1 .array/port v000001f18315e7e0, 1;
v000001f18315e7e0_2 .array/port v000001f18315e7e0, 2;
E_000001f183159be0/0 .event anyedge, v000001f18315bdc0_0, v000001f18315e7e0_0, v000001f18315e7e0_1, v000001f18315e7e0_2;
v000001f18315e7e0_3 .array/port v000001f18315e7e0, 3;
v000001f18315e7e0_4 .array/port v000001f18315e7e0, 4;
v000001f18315e7e0_5 .array/port v000001f18315e7e0, 5;
v000001f18315e7e0_6 .array/port v000001f18315e7e0, 6;
E_000001f183159be0/1 .event anyedge, v000001f18315e7e0_3, v000001f18315e7e0_4, v000001f18315e7e0_5, v000001f18315e7e0_6;
v000001f18315e7e0_7 .array/port v000001f18315e7e0, 7;
v000001f18315e7e0_8 .array/port v000001f18315e7e0, 8;
v000001f18315e7e0_9 .array/port v000001f18315e7e0, 9;
v000001f18315e7e0_10 .array/port v000001f18315e7e0, 10;
E_000001f183159be0/2 .event anyedge, v000001f18315e7e0_7, v000001f18315e7e0_8, v000001f18315e7e0_9, v000001f18315e7e0_10;
v000001f18315e7e0_11 .array/port v000001f18315e7e0, 11;
v000001f18315e7e0_12 .array/port v000001f18315e7e0, 12;
v000001f18315e7e0_13 .array/port v000001f18315e7e0, 13;
v000001f18315e7e0_14 .array/port v000001f18315e7e0, 14;
E_000001f183159be0/3 .event anyedge, v000001f18315e7e0_11, v000001f18315e7e0_12, v000001f18315e7e0_13, v000001f18315e7e0_14;
v000001f18315e7e0_15 .array/port v000001f18315e7e0, 15;
v000001f18315e7e0_16 .array/port v000001f18315e7e0, 16;
v000001f18315e7e0_17 .array/port v000001f18315e7e0, 17;
v000001f18315e7e0_18 .array/port v000001f18315e7e0, 18;
E_000001f183159be0/4 .event anyedge, v000001f18315e7e0_15, v000001f18315e7e0_16, v000001f18315e7e0_17, v000001f18315e7e0_18;
v000001f18315e7e0_19 .array/port v000001f18315e7e0, 19;
v000001f18315e7e0_20 .array/port v000001f18315e7e0, 20;
v000001f18315e7e0_21 .array/port v000001f18315e7e0, 21;
v000001f18315e7e0_22 .array/port v000001f18315e7e0, 22;
E_000001f183159be0/5 .event anyedge, v000001f18315e7e0_19, v000001f18315e7e0_20, v000001f18315e7e0_21, v000001f18315e7e0_22;
v000001f18315e7e0_23 .array/port v000001f18315e7e0, 23;
v000001f18315e7e0_24 .array/port v000001f18315e7e0, 24;
v000001f18315e7e0_25 .array/port v000001f18315e7e0, 25;
v000001f18315e7e0_26 .array/port v000001f18315e7e0, 26;
E_000001f183159be0/6 .event anyedge, v000001f18315e7e0_23, v000001f18315e7e0_24, v000001f18315e7e0_25, v000001f18315e7e0_26;
v000001f18315e7e0_27 .array/port v000001f18315e7e0, 27;
v000001f18315e7e0_28 .array/port v000001f18315e7e0, 28;
v000001f18315e7e0_29 .array/port v000001f18315e7e0, 29;
v000001f18315e7e0_30 .array/port v000001f18315e7e0, 30;
E_000001f183159be0/7 .event anyedge, v000001f18315e7e0_27, v000001f18315e7e0_28, v000001f18315e7e0_29, v000001f18315e7e0_30;
v000001f18315e7e0_31 .array/port v000001f18315e7e0, 31;
E_000001f183159be0/8 .event anyedge, v000001f18315e7e0_31, v000001f1830130e0_0;
E_000001f183159be0 .event/or E_000001f183159be0/0, E_000001f183159be0/1, E_000001f183159be0/2, E_000001f183159be0/3, E_000001f183159be0/4, E_000001f183159be0/5, E_000001f183159be0/6, E_000001f183159be0/7, E_000001f183159be0/8;
E_000001f183159220 .event posedge, v000001f18315e740_0;
    .scope S_000001f18315e510;
T_0 ;
    %wait E_000001f183159220;
    %load/vec4 v000001f18315e6a0_0;
    %flag_set/vec4 8;
    %jmp/0xz  T_0.0, 8;
    %load/vec4 v000001f183013340_0;
    %pad/u 32;
    %cmpi/ne 0, 0, 32;
    %jmp/0xz  T_0.2, 4;
    %load/vec4 v000001f183037320_0;
    %load/vec4 v000001f183013340_0;
    %pad/u 7;
    %ix/vec4 3;
    %ix/load 4, 0, 0; Constant delay
    %assign/vec4/a/d v000001f18315e7e0, 0, 4;
T_0.2 ;
T_0.0 ;
    %jmp T_0;
    .thread T_0;
    .scope S_000001f18315e510;
T_1 ;
    %wait E_000001f183159be0;
    %load/vec4 v000001f18315bdc0_0;
    %cmpi/e 0, 0, 5;
    %flag_mov 8, 4;
    %jmp/0 T_1.0, 8;
    %pushi/vec4 0, 0, 32;
    %jmp/1 T_1.1, 8;
T_1.0 ; End of true expr.
    %load/vec4 v000001f18315bdc0_0;
    %pad/u 7;
    %ix/vec4 4;
    %load/vec4a v000001f18315e7e0, 4;
    %jmp/0 T_1.1, 8;
 ; End of false expr.
    %blend;
T_1.1;
    %store/vec4 v000001f1830136d0_0, 0, 32;
    %load/vec4 v000001f1830130e0_0;
    %cmpi/e 0, 0, 5;
    %flag_mov 8, 4;
    %jmp/0 T_1.2, 8;
    %pushi/vec4 0, 0, 32;
    %jmp/1 T_1.3, 8;
T_1.2 ; End of true expr.
    %load/vec4 v000001f1830130e0_0;
    %pad/u 7;
    %ix/vec4 4;
    %load/vec4a v000001f18315e7e0, 4;
    %jmp/0 T_1.3, 8;
 ; End of false expr.
    %blend;
T_1.3;
    %store/vec4 v000001f183037280_0, 0, 32;
    %jmp T_1;
    .thread T_1, $push;
    .scope S_000001f1830357f0;
T_2 ;
    %vpi_call 2 21 "$dumpfile", "register_tb.vcd" {0 0 0};
    %vpi_call 2 22 "$dumpvars", 32'sb00000000000000000000000000000000, S_000001f1830357f0 {0 0 0};
    %end;
    .thread T_2;
    .scope S_000001f1830357f0;
T_3 ;
    %vpi_call 2 25 "$monitor", "Time: %0t | A1: %b | A2: %b | A3: %b | WE3: %b | WD3: %h | RD1: %h | RD2: %h", $time, v000001f183043640_0, v000001f1830436e0_0, v000001f183043780_0, v000001f183044450_0, v000001f183043960_0, v000001f183043820_0, v000001f1830438c0_0 {0 0 0};
    %end;
    .thread T_3;
    .scope S_000001f1830357f0;
T_4 ;
    %delay 5, 0;
    %load/vec4 v000001f1830446d0_0;
    %inv;
    %store/vec4 v000001f1830446d0_0, 0, 1;
    %jmp T_4;
    .thread T_4;
    .scope S_000001f1830357f0;
T_5 ;
    %pushi/vec4 0, 0, 1;
    %store/vec4 v000001f1830446d0_0, 0, 1;
    %pushi/vec4 0, 0, 5;
    %store/vec4 v000001f183043640_0, 0, 5;
    %pushi/vec4 1, 0, 5;
    %store/vec4 v000001f1830436e0_0, 0, 5;
    %pushi/vec4 2, 0, 5;
    %store/vec4 v000001f183043780_0, 0, 5;
    %pushi/vec4 1, 0, 1;
    %store/vec4 v000001f183044450_0, 0, 1;
    %pushi/vec4 7, 0, 32;
    %store/vec4 v000001f183043960_0, 0, 32;
    %delay 10, 0;
    %pushi/vec4 0, 0, 1;
    %store/vec4 v000001f183044450_0, 0, 1;
    %delay 10, 0;
    %pushi/vec4 2, 0, 5;
    %store/vec4 v000001f183043640_0, 0, 5;
    %delay 10, 0;
    %pushi/vec4 2, 0, 5;
    %store/vec4 v000001f1830436e0_0, 0, 5;
    %delay 100, 0;
    %vpi_call 2 43 "$finish" {0 0 0};
    %end;
    .thread T_5;
# The file index is used to find the file name in the following table.
:file_names 4;
    "N/A";
    "<interactive>";
    "register_tb.v";
    "register_file.v";
