#! /c/Source/iverilog-install/bin/vvp
:ivl_version "12.0 (devel)" "(s20150603-1539-g2693dd32b)";
:ivl_delay_selection "TYPICAL";
:vpi_time_precision + 0;
:vpi_module "E:\iverilog\iverilog\lib\ivl\system.vpi";
:vpi_module "E:\iverilog\iverilog\lib\ivl\vhdl_sys.vpi";
:vpi_module "E:\iverilog\iverilog\lib\ivl\vhdl_textio.vpi";
:vpi_module "E:\iverilog\iverilog\lib\ivl\v2005_math.vpi";
:vpi_module "E:\iverilog\iverilog\lib\ivl\va_math.vpi";
S_000002610787b8e0 .scope module, "pc_inst_tb" "pc_inst_tb" 2 1;
 .timescale 0 0;
v00000261078dcf10_0 .var "clk", 0 0;
v00000261078dd730_0 .net "instr", 31 0, L_000002610788b6a0;  1 drivers
v00000261078dcb50_0 .net "pc", 31 0, v00000261078dd550_0;  1 drivers
v00000261078dcbf0_0 .var "reset", 0 0;
S_000002610787ba70 .scope module, "uut" "single_cycle_top" 2 7, 3 1 0, S_000002610787b8e0;
 .timescale 0 0;
    .port_info 0 /INPUT 1 "clk";
    .port_info 1 /INPUT 1 "reset";
    .port_info 2 /OUTPUT 32 "pc";
    .port_info 3 /OUTPUT 32 "instr";
    .port_info 4 /OUTPUT 7 "op";
    .port_info 5 /OUTPUT 3 "funct3";
    .port_info 6 /OUTPUT 7 "funct7";
    .port_info 7 /OUTPUT 5 "rs1";
    .port_info 8 /OUTPUT 5 "rs2";
    .port_info 9 /OUTPUT 5 "rd";
L_00000261078dd8e0 .functor BUFT 1, C4<00000000000000000000000000000100>, C4<0>, C4<0>, C4<0>;
v00000261078dd230_0 .net/2u *"_ivl_0", 31 0, L_00000261078dd8e0;  1 drivers
v00000261078dd7d0_0 .net "clk", 0 0, v00000261078dcf10_0;  1 drivers
v00000261078dc8d0_0 .net "funct3", 2 0, L_0000026107935ae0;  1 drivers
v00000261078dd410_0 .net "funct7", 6 0, L_0000026107936f80;  1 drivers
v00000261078dd4b0_0 .net "instr", 31 0, L_000002610788b6a0;  alias, 1 drivers
v00000261078dd0f0_0 .net "op", 6 0, L_0000026107937520;  1 drivers
v00000261078dc970_0 .net "pc", 31 0, v00000261078dd550_0;  alias, 1 drivers
v00000261078dcab0_0 .net "pc_next", 31 0, L_00000261078dcfb0;  1 drivers
v00000261078dd050_0 .net "rd", 4 0, L_0000026107936120;  1 drivers
v00000261078dd5f0_0 .net "reset", 0 0, v00000261078dcbf0_0;  1 drivers
v00000261078dce70_0 .net "rs1", 4 0, L_0000026107935cc0;  1 drivers
v00000261078dcdd0_0 .net "rs2", 4 0, L_0000026107936d00;  1 drivers
L_00000261078dcfb0 .arith/sum 32, v00000261078dd550_0, L_00000261078dd8e0;
L_0000026107937520 .part L_000002610788b6a0, 0, 7;
L_0000026107935ae0 .part L_000002610788b6a0, 12, 3;
L_0000026107936f80 .part L_000002610788b6a0, 25, 7;
L_0000026107935cc0 .part L_000002610788b6a0, 15, 5;
L_0000026107936d00 .part L_000002610788b6a0, 20, 5;
L_0000026107936120 .part L_000002610788b6a0, 7, 5;
S_000002610783e440 .scope module, "instr_mem" "instr_memory" 3 26, 4 1 0, S_000002610787ba70;
 .timescale 0 0;
    .port_info 0 /INPUT 32 "pc_addr";
    .port_info 1 /OUTPUT 32 "instr";
L_000002610788b6a0 .functor BUFZ 32, L_00000261078dcc90, C4<00000000000000000000000000000000>, C4<00000000000000000000000000000000>, C4<00000000000000000000000000000000>;
v0000026107853360_0 .net *"_ivl_0", 31 0, L_00000261078dcc90;  1 drivers
v000002610783e5d0_0 .net *"_ivl_2", 31 0, L_00000261078dd190;  1 drivers
v000002610783e670_0 .net *"_ivl_4", 29 0, L_00000261078dcd30;  1 drivers
L_00000261078dd898 .functor BUFT 1, C4<00>, C4<0>, C4<0>, C4<0>;
v000002610783e710_0 .net *"_ivl_6", 1 0, L_00000261078dd898;  1 drivers
v000002610783e7b0_0 .net "instr", 31 0, L_000002610788b6a0;  alias, 1 drivers
v000002610788ad70 .array "mem", 31 0, 31 0;
v00000261078dca10_0 .net "pc_addr", 31 0, v00000261078dd550_0;  alias, 1 drivers
L_00000261078dcc90 .array/port v000002610788ad70, L_00000261078dd190;
L_00000261078dcd30 .part v00000261078dd550_0, 2, 30;
L_00000261078dd190 .concat [ 30 2 0 0], L_00000261078dcd30, L_00000261078dd898;
S_000002610788ae10 .scope module, "program_counter" "pc" 3 19, 5 1 0, S_000002610787ba70;
 .timescale 0 0;
    .port_info 0 /INPUT 1 "clk";
    .port_info 1 /INPUT 1 "reset";
    .port_info 2 /INPUT 32 "pc_next";
    .port_info 3 /OUTPUT 32 "pc";
v00000261078dd2d0_0 .net "clk", 0 0, v00000261078dcf10_0;  alias, 1 drivers
v00000261078dd550_0 .var "pc", 31 0;
v00000261078dd370_0 .net "pc_next", 31 0, L_00000261078dcfb0;  alias, 1 drivers
v00000261078dd690_0 .net "reset", 0 0, v00000261078dcbf0_0;  alias, 1 drivers
E_000002610787a6b0 .event posedge, v00000261078dd2d0_0;
    .scope S_000002610788ae10;
T_0 ;
    %wait E_000002610787a6b0;
    %load/vec4 v00000261078dd690_0;
    %flag_set/vec4 8;
    %jmp/0xz  T_0.0, 8;
    %pushi/vec4 0, 0, 32;
    %assign/vec4 v00000261078dd550_0, 0;
    %jmp T_0.1;
T_0.0 ;
    %load/vec4 v00000261078dd370_0;
    %assign/vec4 v00000261078dd550_0, 0;
T_0.1 ;
    %jmp T_0;
    .thread T_0;
    .scope S_000002610783e440;
T_1 ;
    %vpi_call 4 14 "$readmemh", "instr.hex", v000002610788ad70 {0 0 0};
    %end;
    .thread T_1;
    .scope S_000002610787b8e0;
T_2 ;
    %vpi_call 2 15 "$dumpfile", "pcinst.vcd" {0 0 0};
    %vpi_call 2 16 "$dumpvars", 32'sb00000000000000000000000000000000, S_000002610787b8e0 {0 0 0};
    %end;
    .thread T_2;
    .scope S_000002610787b8e0;
T_3 ;
    %vpi_call 2 20 "$monitor", "Time: %0t | PC: %h | Instr: %h", $time, v00000261078dcb50_0, v00000261078dd730_0 {0 0 0};
    %end;
    .thread T_3;
    .scope S_000002610787b8e0;
T_4 ;
    %pushi/vec4 0, 0, 1;
    %store/vec4 v00000261078dcf10_0, 0, 1;
T_4.0 ;
    %delay 5, 0;
    %load/vec4 v00000261078dcf10_0;
    %inv;
    %store/vec4 v00000261078dcf10_0, 0, 1;
    %jmp T_4.0;
    %end;
    .thread T_4;
    .scope S_000002610787b8e0;
T_5 ;
    %pushi/vec4 1, 0, 1;
    %store/vec4 v00000261078dcbf0_0, 0, 1;
    %delay 10, 0;
    %pushi/vec4 0, 0, 1;
    %store/vec4 v00000261078dcbf0_0, 0, 1;
    %delay 100, 0;
    %vpi_call 2 32 "$finish" {0 0 0};
    %end;
    .thread T_5;
# The file index is used to find the file name in the following table.
:file_names 6;
    "N/A";
    "<interactive>";
    "pc_inst_tb.v";
    "single_cycle_top.v";
    "instr_memory.v";
    "pc.v";
